// Jest Snapshot v1, https://goo.gl/fbAQLP

exports[`add club basic tests is snapshot changed 1`] = `
<div>
  <ForwardRef(Modal)
    onClose={[Function]}
  >
    <ForwardRef(Box)
      sx={
        Object {
          "bgcolor": "background.paper",
          "boxShadow": 24,
          "left": "50%",
          "p": 4,
          "position": "absolute",
          "top": "50%",
          "transform": "translate(-50%, -50%)",
          "width": 400,
        }
      }
    >
      <ForwardRef(TextField)
        fullWidth={true}
        id="fullWidth"
        label="Club Name"
        onChange={[Function]}
      />
      <ForwardRef(Box)
        height={10}
      />
      <ForwardRef(TextField)
        fullWidth={true}
        id="fullWidth"
        label="Club Description"
        onChange={[Function]}
      />
      <ForwardRef(Box)
        height={10}
      />
      <ForwardRef(TextField)
        fullWidth={true}
        id="fullWidth"
        label="Club Image URL"
        onChange={[Function]}
      />
      <ForwardRef(Box)
        height={15}
      />
      <ForwardRef(TextField)
        helperText="Please select your club type"
        id="outlined-select-currency"
        label="Club Category"
        onChange={[Function]}
        select={true}
        value="Thriller"
      >
        <ForwardRef(MenuItem)
          key="Horror"
          value="Horror"
        >
          Horror
        </ForwardRef(MenuItem)>
        <ForwardRef(MenuItem)
          key="Thriller"
          value="Thriller"
        >
          Thriller
        </ForwardRef(MenuItem)>
        <ForwardRef(MenuItem)
          key="Sci-Fi"
          value="Sci-Fi"
        >
          Sci-Fi
        </ForwardRef(MenuItem)>
        <ForwardRef(MenuItem)
          key="Romance"
          value="Romance"
        >
          Romance
        </ForwardRef(MenuItem)>
      </ForwardRef(TextField)>
      <ForwardRef(Box)
        height={15}
      />
      <ForwardRef(TextField)
        helperText="Please select your club category"
        id="outlined-select-currency"
        label="Club Type"
        onChange={[Function]}
        select={true}
        value="Free"
      >
        <ForwardRef(MenuItem)
          key="Free"
          value="Free"
        >
          Free
        </ForwardRef(MenuItem)>
        <ForwardRef(MenuItem)
          key="Paid"
          value="Paid"
        >
          Paid
        </ForwardRef(MenuItem)>
      </ForwardRef(TextField)>
      <ForwardRef(Box)
        height={15}
      />
      <ForwardRef(Button)
        fullWidth={true}
        onClick={[Function]}
        variant="contained"
      >
        Create a Book Club
      </ForwardRef(Button)>
    </ForwardRef(Box)>
  </ForwardRef(Modal)>
</div>
`;
