// Jest Snapshot v1, https://goo.gl/fbAQLP

exports[`view club basic tests is snapshot changed 1`] = `
<div>
  <ForwardRef(Modal)
    onClose={[Function]}
  >
    <ForwardRef(Box)
      sx={
        Object {
          "bgcolor": "background.paper",
          "boxShadow": 24,
          "left": "50%",
          "p": 4,
          "position": "absolute",
          "top": "50%",
          "transform": "translate(-50%, -50%)",
          "width": 400,
        }
      }
    >
      <ForwardRef(TextField)
        fullWidth={true}
        id="fullWidth"
        label="Message"
        onChange={[Function]}
      />
      <ForwardRef(Box)
        height={10}
      />
      <ForwardRef(Button)
        fullWidth={true}
        onClick={[Function]}
        variant="contained"
      >
        Post
      </ForwardRef(Button)>
    </ForwardRef(Box)>
  </ForwardRef(Modal)>
</div>
`;
