// Jest Snapshot v1, https://goo.gl/fbAQLP

exports[`dashboard basic tests is dashboard explore text awailable 1`] = `
<div
  className="dashboard_main"
>
  <div
    className="joined_club_header"
  >
    <div
      className="dashboard_reading"
    >
      Joined Clubs
    </div>
    <ForwardRef(Button)
      onClick={[Function]}
      variant="contained"
    >
      Create a Book Club
    </ForwardRef(Button)>
  </div>
  <AddClub
    open={false}
    setOpen={[Function]}
  />
  <div
    className="dashboard_list"
  >
    <Club
      club={
        Object {
          "category": Array [
            "Horror",
            "Thriller",
          ],
          "club_name": "Millers Club",
          "description": "This impressive paella is a perfect party dish and a fun meal to cook together with your guests. Add 1 cup of frozen peas along with the mussels, if you like.",
          "id": "001",
          "img_url": "https://img.jped",
          "member_count": 37,
          "members": Array [
            "USR001",
            "USR002",
            "USR003",
          ],
        }
      }
      type="joined"
    />
    <Club
      club={
        Object {
          "category": Array [
            "Sci-Fi",
          ],
          "club_name": "Pearls Club",
          "description": "This impressive paella is a perfect party dish and a fun meal to cook together with your guests. Add 1 cup of frozen peas along with the mussels, if you like.",
          "id": "002",
          "img_url": "https://img.jped",
          "member_count": 40,
          "members": Array [
            "USR001",
            "USR002",
            "USR003",
          ],
        }
      }
      type="joined"
    />
    <Club
      club={
        Object {
          "category": Array [
            "Romance",
          ],
          "club_name": "John's Club",
          "description": "This impressive paella is a perfect party dish and a fun meal to cook together with your guests. Add 1 cup of frozen peas along with the mussels, if you like.",
          "id": "003",
          "img_url": "https://img.jped",
          "member_count": 12,
          "members": Array [
            "USR001",
            "USR002",
            "USR003",
          ],
        }
      }
      type="joined"
    />
  </div>
  <div
    className="dashboard_explore"
  >
    Explore New Clubs
  </div>
  <div
    className="dashboard_list"
  >
    <Club
      club={
        Object {
          "category": Array [
            "Horror",
            "Thriller",
          ],
          "club_name": "Millers Club",
          "description": "This impressive paella is a perfect party dish and a fun meal to cook together with your guests. Add 1 cup of frozen peas along with the mussels, if you like.",
          "id": "001",
          "img_url": "https://img.jped",
          "member_count": 37,
          "members": Array [
            "USR001",
            "USR002",
            "USR003",
          ],
        }
      }
      type="explore"
    />
    <Club
      club={
        Object {
          "category": Array [
            "Sci-Fi",
          ],
          "club_name": "Pearls Club",
          "description": "This impressive paella is a perfect party dish and a fun meal to cook together with your guests. Add 1 cup of frozen peas along with the mussels, if you like.",
          "id": "002",
          "img_url": "https://img.jped",
          "member_count": 40,
          "members": Array [
            "USR001",
            "USR002",
            "USR003",
          ],
        }
      }
      type="explore"
    />
    <Club
      club={
        Object {
          "category": Array [
            "Romance",
          ],
          "club_name": "John's Club",
          "description": "This impressive paella is a perfect party dish and a fun meal to cook together with your guests. Add 1 cup of frozen peas along with the mussels, if you like.",
          "id": "003",
          "img_url": "https://img.jped",
          "member_count": 12,
          "members": Array [
            "USR001",
            "USR002",
            "USR003",
          ],
        }
      }
      type="explore"
    />
  </div>
</div>
`;
