// Jest Snapshot v1, https://goo.gl/fbAQLP

exports[`dashboard basic tests is dashboard explore text awailable 1`] = `
<div
  className="dashboard_main"
>
  <div>
    <div
      className="joined_club_header"
    >
      <div
        className="dashboard_reading"
      >
        Joined Clubs
      </div>
      <ForwardRef(Button)
        onClick={[Function]}
        variant="contained"
      >
        Create a Book Club
      </ForwardRef(Button)>
    </div>
    <AddClub
      open={false}
      setOpen={[Function]}
    />
    <div
      className="dashboard_list"
    />
  </div>
  <div
    className="dashboard_reading"
  >
    Explore New Clubs
  </div>
  <div
    className="dashboard_list"
  />
</div>
`;
